// Jest Snapshot v1, https://goo.gl/fbAQLP

exports[`Fetch makes an API call and displays the greeting when load-greeting is clicked 1`] = `
<View
  collapsable={true}
  pointerEvents="box-none"
  style={
    Object {
      "flex": 1,
    }
  }
>
  <View>
    <TouchableOpacity>
      <Text>
        Fetch
      </Text>
    </TouchableOpacity>
    <Text>
      hello there
    </Text>
  </View>
</View>
`;
